<index>
<tf id="42" file="etd2027/4/index.xml" title="Thesis and dissertations management overview in Kosovo">0.001</tf>
<tf id="114" file="etd2030/15/index.xml" title="Social factors influencing the adoption and development of Electronic Theses and Dissertations (ETD) programmes in the Arab Gulf States">0.001</tf>
<tf id="14" file="etd2011/24/index.xml" title="Digitization of theses and dissertations: status quo India">0.001</tf>
<tf id="71" file="etd2006/19/index.xml" title="A workflow system for ETDs. A supportive feature in the electronic publishing chain">0.002</tf>
<tf id="8" file="etd2011/17/index.xml" title="Two South African institutional repositories: a comparative overview">0.001</tf>
<tf id="129" file="etd2031/16/index.xml" title="Data desiccation: facilitating long-term access, use, and reuse of ETDs">0.001</tf>
<tf id="16" file="etd2011/4/index.xml" title="Thesis and dissertations management overview in Kosovo">0.001</tf>
<tf id="109" file="etd2030/8/index.xml" title="Towards a National ETD Database: responsibilities of the libraries in Kenya">0.001</tf>
<tf id="103" file="etd2030/16/index.xml" title="Data desiccation: facilitating long-term access, use, and reuse of ETDs">0.001</tf>
<tf id="58" file="etd2006/18/index.xml" title="An Overview of Theses Canada and ETD Initiatives at Library and Archives Canada">0.001</tf>
<tf id="40" file="etd2027/24/index.xml" title="Digitization of theses and dissertations: status quo India">0.001</tf>
<tf id="2" file="etd2011/18/index.xml" title="Examining access by country, language and areas of knowledge">0.001</tf>
<tf id="141" file="etd2031/3/index.xml" title="The dot on the i: reflections of a postgraduate student and repository manager on the etd process at the University of Pretoria">0.001</tf>
<tf id="105" file="etd2030/17/index.xml" title="Two South African institutional repositories: a comparative overview">0.001</tf>
<tf id="9" file="etd2011/1/index.xml" title="Digitization efforts in the Federal University of Technology Owerri (Futo): successes, challenges, prospects">0.001</tf>
<tf id="12" file="etd2011/8/index.xml" title="Towards a National ETD Database: responsibilities of the libraries in Kenya">0.001</tf>
<tf id="44" file="etd2027/3/index.xml" title="The dot on the i: reflections of a postgraduate student and repository manager on the etd process at the University of Pretoria">0.001</tf>
<tf id="143" file="etd2031/2/index.xml" title="Do ETDs deter publishers? Does web availability count as prior publication?">0.001</tf>
<tf id="132" file="etd2031/1/index.xml" title="Digitization efforts in the Federal University of Technology Owerri (Futo): successes, challenges, prospects">0.001</tf>
<tf id="46" file="etd2027/2/index.xml" title="Do ETDs deter publishers? Does web availability count as prior publication?">0.001</tf>
<tf id="125" file="etd2031/18/index.xml" title="Examining access by country, language and areas of knowledge">0.001</tf>
<tf id="18" file="etd2011/3/index.xml" title="The dot on the i: reflections of a postgraduate student and repository manager on the etd process at the University of Pretoria">0.001</tf>
<tf id="20" file="etd2011/2/index.xml" title="Do ETDs deter publishers? Does web availability count as prior publication?">0.001</tf>
<tf id="139" file="etd2031/4/index.xml" title="Thesis and dissertations management overview in Kosovo">0.001</tf>
<tf id="99" file="etd2030/18/index.xml" title="Examining access by country, language and areas of knowledge">0.001</tf>
<tf id="43" file="etd2027/15/index.xml" title="Social factors influencing the adoption and development of Electronic Theses and Dissertations (ETD) programmes in the Arab Gulf States">0.001</tf>
<tf id="28" file="etd2027/18/index.xml" title="Examining access by country, language and areas of knowledge">0.001</tf>
<tf id="113" file="etd2030/4/index.xml" title="Thesis and dissertations management overview in Kosovo">0.001</tf>
<tf id="106" file="etd2030/1/index.xml" title="Digitization efforts in the Federal University of Technology Owerri (Futo): successes, challenges, prospects">0.001</tf>
<tf id="96" file="etd2006/25/index.xml" title="Developing an E-Theses Collection in the CityU Institutional Repository">0.001</tf>
<tf id="72" file="etd2006/26/index.xml" title="Getting to Know the Contents of Bibliographic References of ETDs">0.001</tf>
<tf id="85" file="etd2006/23/index.xml" title="The Rejection of D-Space: Selecting Theses Database Software at the University of Calgary Archives">0.001</tf>
<tf id="34" file="etd2027/17/index.xml" title="Two South African institutional repositories: a comparative overview">0.001</tf>
<tf id="111" file="etd2030/24/index.xml" title="Digitization of theses and dissertations: status quo India">0.001</tf>
<tf id="137" file="etd2031/24/index.xml" title="Digitization of theses and dissertations: status quo India">0.001</tf>
<tf id="35" file="etd2027/1/index.xml" title="Digitization efforts in the Federal University of Technology Owerri (Futo): successes, challenges, prospects">0.001</tf>
<tf id="38" file="etd2027/8/index.xml" title="Towards a National ETD Database: responsibilities of the libraries in Kenya">0.001</tf>
<tf id="140" file="etd2031/15/index.xml" title="Social factors influencing the adoption and development of Electronic Theses and Dissertations (ETD) programmes in the Arab Gulf States">0.001</tf>
<tf id="115" file="etd2030/3/index.xml" title="The dot on the i: reflections of a postgraduate student and repository manager on the etd process at the University of Pretoria">0.001</tf>
<tf id="135" file="etd2031/8/index.xml" title="Towards a National ETD Database: responsibilities of the libraries in Kenya">0.001</tf>
<tf id="32" file="etd2027/16/index.xml" title="Data desiccation: facilitating long-term access, use, and reuse of ETDs">0.001</tf>
<tf id="90" file="etd2006/40/index.xml" title="EThOS (Electronic Theses Online Service) - a national UK project">0.001</tf>
<tf id="17" file="etd2011/15/index.xml" title="Social factors influencing the adoption and development of Electronic Theses and Dissertations (ETD) programmes in the Arab Gulf States">0.001</tf>
<tf id="6" file="etd2011/16/index.xml" title="Data desiccation: facilitating long-term access, use, and reuse of ETDs">0.001</tf>
<tf id="131" file="etd2031/17/index.xml" title="Two South African institutional repositories: a comparative overview">0.001</tf>
<tf id="117" file="etd2030/2/index.xml" title="Do ETDs deter publishers? Does web availability count as prior publication?">0.001</tf>
</index>
